
============================================================
AUTHENTICATION FLOW TEST - ALL ROLES
============================================================

============================================================
Testing STUDENT SIGNUP
============================================================
Status Code: 422
Response: {
  "detail": [
    {
      "type": "missing",
      "loc": [
        "body",
        "role"
      ],
      "msg": "Field required",
      "input": {
        "full_name": "Student ilsvi",
        "email": "student.ilsvi@test.com",
        "username": "student_ilsvi",
        "student_id": "STU538568",
        "grade_level": "10",
        "section": "A",
        "phone": "1291563161",
        "password": "Student123",
        "date_of_birth": "2005-01-01",
        "address": "Test Address",
        "parent_name": "Parent ilsvi",
        "parent_phone": "8306116125"
      }
    }
  ]
}
.venv\Scripts\python.exe : Traceback (most 
recent call last):
At line:1 char:1
+ .venv\Scripts\python.exe test_auth_flow.py 
> test_output.txt 2>&1
+ ~~~~~~~~~~~~~~~~~~~~~~~~~~~~~~~~~~~~~~~~~~~~
~~~~~~~~~~~~~~~~~~~~~
    + CategoryInfo          : NotSpecified: ( 
   Traceback (most recent call last)::String  
  ) [], RemoteException
    + FullyQualifiedErrorId : NativeCommandEr 
   ror
 
  File "C:\Users\U S E 
R\OneDrive\Desktop\claud\test_auth_flow.py", 
line 94, in test_signup
    print(f"\u274c {role.upper()} signup 
failed!")
    ~~~~~^^^^^^^^^^^^^^^^^^^^^^^^^^^^^^^^^^^^^
  File "C:\Users\U S E R\AppData\Local\Program
s\Python\Python313\Lib\encodings\cp1252.py", 
line 19, in encode
    return codecs.charmap_encode(input,self.er
rors,encoding_table)[0]
           ~~~~~~~~~~~~~~~~~~~~~^^^^^^^^^^^^^^
^^^^^^^^^^^^^^^^^^^^
UnicodeEncodeError: 'charmap' codec can't 
encode character '\u274c' in position 0: 
character maps to <undefined>

During handling of the above exception, 
another exception occurred:

Traceback (most recent call last):
  File "C:\Users\U S E 
R\OneDrive\Desktop\claud\test_auth_flow.py", 
line 196, in <module>
    main()
    ~~~~^^
  File "C:\Users\U S E 
R\OneDrive\Desktop\claud\test_auth_flow.py", 
line 154, in main
    signup_success = test_signup(
        role,
        config["signup_data"],
        config["signup_endpoint"]
    )
  File "C:\Users\U S E 
R\OneDrive\Desktop\claud\test_auth_flow.py", 
line 98, in test_signup
    print(f"\u274c Error during {role} 
signup: {str(e)}")
    ~~~~~^^^^^^^^^^^^^^^^^^^^^^^^^^^^^^^^^^^^^
^^^^^^^
  File "C:\Users\U S E R\AppData\Local\Program
s\Python\Python313\Lib\encodings\cp1252.py", 
line 19, in encode
    return codecs.charmap_encode(input,self.er
rors,encoding_table)[0]
           ~~~~~~~~~~~~~~~~~~~~~^^^^^^^^^^^^^^
^^^^^^^^^^^^^^^^^^^^
UnicodeEncodeError: 'charmap' codec can't 
encode character '\u274c' in position 0: 
character maps to <undefined>
